Singletons/Empty.hs:(0,0)-(0,0): Splicing declarations
    singletons [d| data Empty |]
  ======>
    data Empty
    data SEmpty :: Empty -> Type
    type instance Sing @Empty = SEmpty
    type instance Demote Empty = Empty
    type instance Promote Empty = Empty
    instance SingKind Empty where
      fromSing x = (\case) x
      toSing x = SomeSing ((\case) x)
