Singletons/T136.hs:(0,0)-(0,0): Splicing declarations
    singletons
      [d| instance Enum BiNat where
            succ [] = [True]
            succ (False : as) = True : as
            succ (True : as) = False : succ as
            pred [] = error "pred 0"
            pred (False : as) = True : pred as
            pred (True : as) = False : as
            toEnum i
              | i < 0 = error "negative toEnum"
              | i == 0 = []
              | otherwise = succ (toEnum (pred i))
            fromEnum [] = 0
            fromEnum (False : as) = 2 * fromEnum as
            fromEnum (True : as) = 1 + 2 * fromEnum as |]
  ======>
    instance Enum BiNat where
      succ [] = [True]
      succ (False : as) = (True : as)
      succ (True : as) = (False : succ as)
      pred [] = error "pred 0"
      pred (False : as) = (True : pred as)
      pred (True : as) = (False : as)
      toEnum i
        | (i < 0) = error "negative toEnum"
        | (i == 0) = []
        | otherwise = succ (toEnum (pred i))
      fromEnum [] = 0
      fromEnum (False : as) = (2 * fromEnum as)
      fromEnum (True : as) = (1 + (2 * fromEnum as))
    type Succ_Binary_1 :: [Bool] -> [Bool]
    type family Succ_Binary_1 (a :: [Bool]) :: [Bool] where
      Succ_Binary_1 '[] = Apply (Apply (:@#@$) TrueSym0) NilSym0
      Succ_Binary_1 ('(:) 'False as) = Apply (Apply (:@#@$) TrueSym0) as
      Succ_Binary_1 ('(:) 'True as) = Apply (Apply (:@#@$) FalseSym0) (Apply SuccSym0 as)
    type Pred_Binary_3 :: [Bool] -> [Bool]
    type family Pred_Binary_3 (a :: [Bool]) :: [Bool] where
      Pred_Binary_3 '[] = Apply ErrorSym0 "pred 0"
      Pred_Binary_3 ('(:) 'False as) = Apply (Apply (:@#@$) TrueSym0) (Apply PredSym0 as)
      Pred_Binary_3 ('(:) 'True as) = Apply (Apply (:@#@$) FalseSym0) as
    type family LamCases_Binary_9 i0 (arg_Binary_01 :: GHC.Internal.Bignum.Natural.Natural) a_Binary_10 where
      LamCases_Binary_9 i arg_Binary_0 'True = NilSym0
      LamCases_Binary_9 i arg_Binary_0 'False = Apply SuccSym0 (Apply ToEnumSym0 (Apply PredSym0 i))
    data LamCases_Binary_9Sym0 i0 (arg_Binary_01 :: GHC.Internal.Bignum.Natural.Natural) a_Binary_10
      where
        LamCases_Binary_9Sym0KindInference :: SameKind (Apply (LamCases_Binary_9Sym0 i0 arg_Binary_01) arg) (LamCases_Binary_9Sym1 i0 arg_Binary_01 arg) =>
                                              LamCases_Binary_9Sym0 i0 arg_Binary_01 a_Binary_10
    type instance Apply @_ @_ (LamCases_Binary_9Sym0 i0 arg_Binary_01) a_Binary_10 = LamCases_Binary_9 i0 arg_Binary_01 a_Binary_10
    instance SuppressUnusedWarnings (LamCases_Binary_9Sym0 i0 arg_Binary_01) where
      suppressUnusedWarnings
        = snd ((,) LamCases_Binary_9Sym0KindInference ())
    type family LamCases_Binary_9Sym1 i0 (arg_Binary_01 :: GHC.Internal.Bignum.Natural.Natural) a_Binary_10 where
      LamCases_Binary_9Sym1 i0 arg_Binary_01 a_Binary_10 = LamCases_Binary_9 i0 arg_Binary_01 a_Binary_10
    type family LamCases_Binary_8 i0 (arg_Binary_01 :: GHC.Internal.Bignum.Natural.Natural) a_Binary_11 where
      LamCases_Binary_8 i arg_Binary_0 'True = Apply ErrorSym0 "negative toEnum"
      LamCases_Binary_8 i arg_Binary_0 'False = Apply (LamCases_Binary_9Sym0 i arg_Binary_0) (Apply (Apply (==@#@$) i) (FromInteger 0))
    data LamCases_Binary_8Sym0 i0 (arg_Binary_01 :: GHC.Internal.Bignum.Natural.Natural) a_Binary_11
      where
        LamCases_Binary_8Sym0KindInference :: SameKind (Apply (LamCases_Binary_8Sym0 i0 arg_Binary_01) arg) (LamCases_Binary_8Sym1 i0 arg_Binary_01 arg) =>
                                              LamCases_Binary_8Sym0 i0 arg_Binary_01 a_Binary_11
    type instance Apply @_ @_ (LamCases_Binary_8Sym0 i0 arg_Binary_01) a_Binary_11 = LamCases_Binary_8 i0 arg_Binary_01 a_Binary_11
    instance SuppressUnusedWarnings (LamCases_Binary_8Sym0 i0 arg_Binary_01) where
      suppressUnusedWarnings
        = snd ((,) LamCases_Binary_8Sym0KindInference ())
    type family LamCases_Binary_8Sym1 i0 (arg_Binary_01 :: GHC.Internal.Bignum.Natural.Natural) a_Binary_11 where
      LamCases_Binary_8Sym1 i0 arg_Binary_01 a_Binary_11 = LamCases_Binary_8 i0 arg_Binary_01 a_Binary_11
    type family LamCases_Binary_7 (arg_Binary_00 :: GHC.Internal.Bignum.Natural.Natural) a_Binary_12 where
      LamCases_Binary_7 arg_Binary_0 i = Apply (LamCases_Binary_8Sym0 i arg_Binary_0) (Apply (Apply (<@#@$) i) (FromInteger 0))
    data LamCases_Binary_7Sym0 (arg_Binary_00 :: GHC.Internal.Bignum.Natural.Natural) a_Binary_12
      where
        LamCases_Binary_7Sym0KindInference :: SameKind (Apply (LamCases_Binary_7Sym0 arg_Binary_00) arg) (LamCases_Binary_7Sym1 arg_Binary_00 arg) =>
                                              LamCases_Binary_7Sym0 arg_Binary_00 a_Binary_12
    type instance Apply @_ @_ (LamCases_Binary_7Sym0 arg_Binary_00) a_Binary_12 = LamCases_Binary_7 arg_Binary_00 a_Binary_12
    instance SuppressUnusedWarnings (LamCases_Binary_7Sym0 arg_Binary_00) where
      suppressUnusedWarnings
        = snd ((,) LamCases_Binary_7Sym0KindInference ())
    type family LamCases_Binary_7Sym1 (arg_Binary_00 :: GHC.Internal.Bignum.Natural.Natural) a_Binary_12 where
      LamCases_Binary_7Sym1 arg_Binary_00 a_Binary_12 = LamCases_Binary_7 arg_Binary_00 a_Binary_12
    type ToEnum_Binary_5 :: GHC.Internal.Bignum.Natural.Natural
                            -> [Bool]
    type family ToEnum_Binary_5 (a :: GHC.Internal.Bignum.Natural.Natural) :: [Bool] where
      ToEnum_Binary_5 arg_Binary_0 = Apply (LamCases_Binary_7Sym0 arg_Binary_0) arg_Binary_0
    type FromEnum_Binary_13 :: [Bool]
                               -> GHC.Internal.Bignum.Natural.Natural
    type family FromEnum_Binary_13 (a :: [Bool]) :: GHC.Internal.Bignum.Natural.Natural where
      FromEnum_Binary_13 '[] = FromInteger 0
      FromEnum_Binary_13 ('(:) 'False as) = Apply (Apply (*@#@$) (FromInteger 2)) (Apply FromEnumSym0 as)
      FromEnum_Binary_13 ('(:) 'True as) = Apply (Apply (+@#@$) (FromInteger 1)) (Apply (Apply (*@#@$) (FromInteger 2)) (Apply FromEnumSym0 as))
    instance PEnum [Bool] where
      type Succ a = Succ_Binary_1 a
      type Pred a = Pred_Binary_3 a
      type ToEnum a = ToEnum_Binary_5 a
      type FromEnum a = FromEnum_Binary_13 a
    instance SEnum [Bool] where
      sSucc SNil
        = applySing (applySing (singFun2 @(:@#@$) SCons) STrue) SNil
      sSucc (SCons SFalse (sAs :: Sing as))
        = applySing (applySing (singFun2 @(:@#@$) SCons) STrue) sAs
      sSucc (SCons STrue (sAs :: Sing as))
        = applySing
            (applySing (singFun2 @(:@#@$) SCons) SFalse)
            (applySing (singFun1 @SuccSym0 sSucc) sAs)
      sPred SNil
        = applySing (singFun1 @ErrorSym0 sError) (sing :: Sing "pred 0")
      sPred (SCons SFalse (sAs :: Sing as))
        = applySing
            (applySing (singFun2 @(:@#@$) SCons) STrue)
            (applySing (singFun1 @PredSym0 sPred) sAs)
      sPred (SCons STrue (sAs :: Sing as))
        = applySing (applySing (singFun2 @(:@#@$) SCons) SFalse) sAs
      sToEnum (sArg_Binary_0 :: Sing arg_Binary_0)
        = applySing
            (singFun1
               @(LamCases_Binary_7Sym0 arg_Binary_0)
               (\cases
                  (sI :: Sing i)
                    -> applySing
                         (singFun1
                            @(LamCases_Binary_8Sym0 i arg_Binary_0)
                            (\cases
                               STrue
                                 -> applySing
                                      (singFun1 @ErrorSym0 sError) (sing :: Sing "negative toEnum")
                               SFalse
                                 -> applySing
                                      (singFun1
                                         @(LamCases_Binary_9Sym0 i arg_Binary_0)
                                         (\cases
                                            STrue -> SNil
                                            SFalse
                                              -> applySing
                                                   (singFun1 @SuccSym0 sSucc)
                                                   (applySing
                                                      (singFun1 @ToEnumSym0 sToEnum)
                                                      (applySing (singFun1 @PredSym0 sPred) sI))))
                                      (applySing
                                         (applySing (singFun2 @(==@#@$) (%==)) sI)
                                         (sFromInteger (sing :: Sing 0)))))
                         (applySing
                            (applySing (singFun2 @(<@#@$) (%<)) sI)
                            (sFromInteger (sing :: Sing 0)))))
            sArg_Binary_0
      sFromEnum SNil = sFromInteger (sing :: Sing 0)
      sFromEnum (SCons SFalse (sAs :: Sing as))
        = applySing
            (applySing
               (singFun2 @(*@#@$) (%*)) (sFromInteger (sing :: Sing 2)))
            (applySing (singFun1 @FromEnumSym0 sFromEnum) sAs)
      sFromEnum (SCons STrue (sAs :: Sing as))
        = applySing
            (applySing
               (singFun2 @(+@#@$) (%+)) (sFromInteger (sing :: Sing 1)))
            (applySing
               (applySing
                  (singFun2 @(*@#@$) (%*)) (sFromInteger (sing :: Sing 2)))
               (applySing (singFun1 @FromEnumSym0 sFromEnum) sAs))
