Singletons/T163.hs:0:0:: Splicing declarations
    singletons [d| data a + b = L a | R b |]
  ======>
    data (+) a b = L a | R b
    type LSym0 :: forall a b. (~>) a ((+) a b)
    data LSym0 :: (~>) a ((+) a b)
      where
        LSym0KindInference :: SameKind (Apply LSym0 arg) (LSym1 arg) =>
                              LSym0 a0123456789876543210
    type instance Apply @a @((+) a b) LSym0 a0123456789876543210 = L a0123456789876543210
    instance SuppressUnusedWarnings LSym0 where
      suppressUnusedWarnings = snd ((,) LSym0KindInference ())
    type LSym1 :: forall a b. a -> (+) a b
    type family LSym1 @a @b (a0123456789876543210 :: a) :: (+) a b where
      LSym1 a0123456789876543210 = L a0123456789876543210
    type RSym0 :: forall a b. (~>) b ((+) a b)
    data RSym0 :: (~>) b ((+) a b)
      where
        RSym0KindInference :: SameKind (Apply RSym0 arg) (RSym1 arg) =>
                              RSym0 a0123456789876543210
    type instance Apply @b @((+) a b) RSym0 a0123456789876543210 = R a0123456789876543210
    instance SuppressUnusedWarnings RSym0 where
      suppressUnusedWarnings = snd ((,) RSym0KindInference ())
    type RSym1 :: forall a b. b -> (+) a b
    type family RSym1 @a @b (a0123456789876543210 :: b) :: (+) a b where
      RSym1 a0123456789876543210 = R a0123456789876543210
    data (%+) :: forall a b. (+) a b -> Type
      where
        SL :: forall a b (n :: a). (Sing n) -> (%+) (L n :: (+) a b)
        SR :: forall a b (n :: b). (Sing n) -> (%+) (R n :: (+) a b)
    type instance Sing @((+) a b) = (%+)
    type instance Demote ((+) a b) = (+) (DemoteX a) (DemoteX b)
    type instance Promote ((+) a b) = (+) (PromoteX a) (PromoteX b)
    instance (SingKind a, SingKind b) => SingKind ((+) a b) where
      fromSing (SL b) = L (fromSing b)
      fromSing (SR b) = R (fromSing b)
      toSing (L (b :: Demote a))
        = (\cases (SomeSing c) -> SomeSing (SL c)) (toSing b :: SomeSing a)
      toSing (R (b :: Demote b))
        = (\cases (SomeSing c) -> SomeSing (SR c)) (toSing b :: SomeSing b)
    type instance DemoteX @((+) a b) (L x) = L (DemoteX x)
    type instance DemoteX @((+) a b) (R x) = R (DemoteX x)
    type instance PromoteX @((+) a b) (L x) = L (PromoteX x)
    type instance PromoteX @((+) a b) (R x) = R (PromoteX x)
    type instance SingKindC @((+) a b) (L x) = SingKindC x
    type instance SingKindC @((+) a b) (R x) = SingKindC x
    instance SingI n => SingI (L (n :: a)) where
      sing = SL sing
    instance SingI1 L where
      liftSing = SL
    instance SingI (LSym0 :: (~>) a ((+) a b)) where
      sing = singFun1 @LSym0 SL
    instance SingI n => SingI (R (n :: b)) where
      sing = SR sing
    instance SingI1 R where
      liftSing = SR
    instance SingI (RSym0 :: (~>) b ((+) a b)) where
      sing = singFun1 @RSym0 SR
