Singletons/T190.hs:0:0:: Splicing declarations
    singletons
      [d| data T
            = T
            deriving (Eq, Ord, Enum, Bounded, Show) |]
  ======>
    data T
      = T
      deriving (Eq, Ord, Enum, Bounded, Show)
    type TSym0 :: T
    type family TSym0 :: T where
      TSym0 = T
    type TFHelper_T190_1 :: T -> T -> Bool
    type family TFHelper_T190_1 (a :: T) (a :: T) :: Bool where
      TFHelper_T190_1 T T = TrueSym0
    instance PEq T where
      type (==) a a = TFHelper_T190_1 a a
    type Compare_T190_4 :: T -> T -> Ordering
    type family Compare_T190_4 (a :: T) (a :: T) :: Ordering where
      Compare_T190_4 T T = Apply (Apply (Apply FoldlSym0 (<>@#@$)) EQSym0) NilSym0
    instance POrd T where
      type Compare a a = Compare_T190_4 a a
    type family LamCases_T190_9 (n0 :: GHC.Internal.Bignum.Natural.Natural) a_T190_10 where
      LamCases_T190_9 n 'True = TSym0
      LamCases_T190_9 n 'False = Apply ErrorSym0 "toEnum: bad argument"
    data LamCases_T190_9Sym0 (n0 :: GHC.Internal.Bignum.Natural.Natural) a_T190_10
      where
        LamCases_T190_9Sym0KindInference :: SameKind (Apply (LamCases_T190_9Sym0 n0) arg) (LamCases_T190_9Sym1 n0 arg) =>
                                            LamCases_T190_9Sym0 n0 a_T190_10
    type instance Apply @_ @_ (LamCases_T190_9Sym0 n0) a_T190_10 = LamCases_T190_9 n0 a_T190_10
    instance SuppressUnusedWarnings (LamCases_T190_9Sym0 n0) where
      suppressUnusedWarnings
        = snd ((,) LamCases_T190_9Sym0KindInference ())
    type family LamCases_T190_9Sym1 (n0 :: GHC.Internal.Bignum.Natural.Natural) a_T190_10 where
      LamCases_T190_9Sym1 n0 a_T190_10 = LamCases_T190_9 n0 a_T190_10
    type ToEnum_T190_7 :: GHC.Internal.Bignum.Natural.Natural -> T
    type family ToEnum_T190_7 (a :: GHC.Internal.Bignum.Natural.Natural) :: T where
      ToEnum_T190_7 n = Apply (LamCases_T190_9Sym0 n) (Apply (Apply (==@#@$) n) (FromInteger 0))
    type FromEnum_T190_11 :: T -> GHC.Internal.Bignum.Natural.Natural
    type family FromEnum_T190_11 (a :: T) :: GHC.Internal.Bignum.Natural.Natural where
      FromEnum_T190_11 T = FromInteger 0
    instance PEnum T where
      type ToEnum a = ToEnum_T190_7 a
      type FromEnum a = FromEnum_T190_11 a
    type MinBound_T190_13 :: T
    type family MinBound_T190_13 :: T where
      MinBound_T190_13 = TSym0
    type MaxBound_T190_14 :: T
    type family MaxBound_T190_14 :: T where
      MaxBound_T190_14 = TSym0
    instance PBounded T where
      type MinBound = MinBound_T190_13
      type MaxBound = MaxBound_T190_14
    type ShowsPrec_T190_15 :: GHC.Internal.Bignum.Natural.Natural
                              -> T -> GHC.Internal.Types.Symbol -> GHC.Internal.Types.Symbol
    type family ShowsPrec_T190_15 (a :: GHC.Internal.Bignum.Natural.Natural) (a :: T) (a :: GHC.Internal.Types.Symbol) :: GHC.Internal.Types.Symbol where
      ShowsPrec_T190_15 _ T a_T190_16 = Apply (Apply ShowStringSym0 "T") a_T190_16
    instance PShow T where
      type ShowsPrec a a a = ShowsPrec_T190_15 a a a
    data ST :: T -> Type where ST :: ST (T :: T)
    type instance Sing @T = ST
    instance SingKind T where
      type Demote T = T
      fromSing ST = T
      toSing T = SomeSing ST
    instance SEq T where
      (%==) ST ST = STrue
    instance SOrd T where
      sCompare ST ST
        = applySing
            (applySing
               (applySing (singFun3 @FoldlSym0 sFoldl) (singFun2 @(<>@#@$) (%<>)))
               SEQ)
            SNil
    instance SEnum T where
      sToEnum (sN :: Sing n)
        = applySing
            (singFun1
               @(LamCases_T190_9Sym0 n)
               (\cases
                  STrue -> ST
                  SFalse
                    -> applySing
                         (singFun1 @ErrorSym0 sError)
                         (sing :: Sing "toEnum: bad argument")))
            (applySing
               (applySing (singFun2 @(==@#@$) (%==)) sN)
               (sFromInteger (sing :: Sing 0)))
      sFromEnum ST = sFromInteger (sing :: Sing 0)
    instance SBounded T where
      sMinBound = ST
      sMaxBound = ST
    instance SShow T where
      sShowsPrec _ ST (sA_T190_16 :: Sing a_T190_16)
        = applySing
            (applySing
               (singFun2 @ShowStringSym0 sShowString) (sing :: Sing "T"))
            sA_T190_16
    instance SDecide T where
      (%~) ST ST = Proved Refl
    instance Eq (ST (z :: T)) where
      (==) _ _ = True
    instance GHC.Internal.Data.Type.Equality.TestEquality (ST :: T
                                                                 -> Type) where
      GHC.Internal.Data.Type.Equality.testEquality
        = Data.Singletons.Decide.decideEquality
    instance GHC.Internal.Data.Type.Coercion.TestCoercion (ST :: T
                                                                 -> Type) where
      GHC.Internal.Data.Type.Coercion.testCoercion
        = Data.Singletons.Decide.decideCoercion
    instance Ord (ST (z :: T)) where
      compare _ _ = EQ
    deriving instance Show (ST (z :: T))
    instance SingI T where
      sing = ST
