Singletons/T287.hs:(0,0)-(0,0): Splicing declarations
    singletons
      [d| class S a where
            (<<>>) :: a -> a -> a
          
          instance S b => S (a -> b) where
            f <<>> g = \ x -> f x <<>> g x |]
  ======>
    class S a where
      (<<>>) :: a -> a -> a
    instance S b => S (a -> b) where
      (<<>>) f g = \ x -> (f x <<>> g x)
    type (<<>>@#@$) :: forall a. (~>) a ((~>) a a)
    data (<<>>@#@$) :: (~>) a ((~>) a a)
      where
        (:<<>>@#@$###) :: SameKind (Apply (<<>>@#@$) arg) ((<<>>@#@$$) arg) =>
                          (<<>>@#@$) a_T287_0
    type instance Apply @a @((~>) a a) (<<>>@#@$) a_T287_0 = (<<>>@#@$$) a_T287_0
    instance SuppressUnusedWarnings (<<>>@#@$) where
      suppressUnusedWarnings = snd ((,) (:<<>>@#@$###) ())
    type (<<>>@#@$$) :: forall a. a -> (~>) a a
    data (<<>>@#@$$) (a_T287_0 :: a) :: (~>) a a
      where
        (:<<>>@#@$$###) :: SameKind (Apply ((<<>>@#@$$) a_T287_0) arg) ((<<>>@#@$$$) a_T287_0 arg) =>
                           (<<>>@#@$$) a_T287_0 a_T287_1
    type instance Apply @a @a ((<<>>@#@$$) a_T287_0) a_T287_1 = (<<>>) a_T287_0 a_T287_1
    instance SuppressUnusedWarnings ((<<>>@#@$$) a_T287_0) where
      suppressUnusedWarnings = snd ((,) (:<<>>@#@$$###) ())
    type (<<>>@#@$$$) :: forall a. a -> a -> a
    type family (<<>>@#@$$$) @a (a_T287_0 :: a) (a_T287_1 :: a) :: a where
      (<<>>@#@$$$) a_T287_0 a_T287_1 = (<<>>) a_T287_0 a_T287_1
    class PS a where
      type family (<<>>) (arg :: a) (arg :: a) :: a
    type family LamCases_T287_5 a0 b1 (f2 :: (~>) a0 b1) (g3 :: (~>) a0 b1) a_T287_6 where
      LamCases_T287_5 a b f g x = Apply (Apply (<<>>@#@$) (Apply f x)) (Apply g x)
    data LamCases_T287_5Sym0 a0 b1 (f2 :: (~>) a0 b1) (g3 :: (~>) a0 b1) a_T287_6
      where
        LamCases_T287_5Sym0KindInference :: SameKind (Apply (LamCases_T287_5Sym0 a0 b1 f2 g3) arg) (LamCases_T287_5Sym1 a0 b1 f2 g3 arg) =>
                                            LamCases_T287_5Sym0 a0 b1 f2 g3 a_T287_6
    type instance Apply @_ @_ (LamCases_T287_5Sym0 a0 b1 f2 g3) a_T287_6 = LamCases_T287_5 a0 b1 f2 g3 a_T287_6
    instance SuppressUnusedWarnings (LamCases_T287_5Sym0 a0 b1 f2 g3) where
      suppressUnusedWarnings
        = snd ((,) LamCases_T287_5Sym0KindInference ())
    type family LamCases_T287_5Sym1 a0 b1 (f2 :: (~>) a0 b1) (g3 :: (~>) a0 b1) a_T287_6 where
      LamCases_T287_5Sym1 a0 b1 f2 g3 a_T287_6 = LamCases_T287_5 a0 b1 f2 g3 a_T287_6
    type TFHelper_T287_2 :: forall a b. (~>) a b
                                        -> (~>) a b -> (~>) a b
    type family TFHelper_T287_2 @a @b (a :: (~>) a b) (a :: (~>) a b) :: (~>) a b where
      TFHelper_T287_2 @a @b (f :: (~>) a b) (g :: (~>) a b) = LamCases_T287_5Sym0 a b f g
    instance PS ((~>) a b) where
      type (<<>>) a a = TFHelper_T287_2 a a
    class SS a where
      (%<<>>) ::
        (forall (t :: a) (t :: a).
         Sing t -> Sing t -> Sing ((<<>>) t t :: a) :: Type)
    instance SS b => SS ((~>) a b) where
      (%<<>>) (sF :: Sing f) (sG :: Sing g)
        = singFun1
            @(LamCases_T287_5Sym0 a b f g)
            (\cases
               (sX :: Sing x)
                 -> applySing
                      (applySing (singFun2 @(<<>>@#@$) (%<<>>)) (applySing sF sX))
                      (applySing sG sX))
    instance SS a => SingI ((<<>>@#@$) :: (~>) a ((~>) a a)) where
      sing = singFun2 @(<<>>@#@$) (%<<>>)
    instance (SS a, SingI d) =>
             SingI ((<<>>@#@$$) (d :: a) :: (~>) a a) where
      sing = singFun1 @((<<>>@#@$$) (d :: a)) ((%<<>>) (sing @d))
    instance SS a => SingI1 ((<<>>@#@$$) :: a -> (~>) a a) where
      liftSing (s :: Sing (d :: a))
        = singFun1 @((<<>>@#@$$) (d :: a)) ((%<<>>) s)
