Singletons/TopLevelPatterns.hs:(0,0)-(0,0): Splicing declarations
    singletons
      [d| data Bool = False | True
          data Foo = Bar Bool Bool |]
  ======>
    data Bool = False | True
    data Foo = Bar Bool Bool
    type FalseSym0 :: Bool
    type family FalseSym0 :: Bool where
      FalseSym0 = False
    type TrueSym0 :: Bool
    type family TrueSym0 :: Bool where
      TrueSym0 = True
    type BarSym0 :: (~>) Bool ((~>) Bool Foo)
    data BarSym0 :: (~>) Bool ((~>) Bool Foo)
      where
        BarSym0KindInference :: SameKind (Apply BarSym0 arg) (BarSym1 arg) =>
                                BarSym0 a_Singletons_TopLevelPatterns_0
    type instance Apply @Bool @((~>) Bool Foo) BarSym0 a_Singletons_TopLevelPatterns_0 = BarSym1 a_Singletons_TopLevelPatterns_0
    instance SuppressUnusedWarnings BarSym0 where
      suppressUnusedWarnings
        = GHC.Internal.Data.Tuple.snd ((,) BarSym0KindInference ())
    type BarSym1 :: Bool -> (~>) Bool Foo
    data BarSym1 (a_Singletons_TopLevelPatterns_0 :: Bool) :: (~>) Bool Foo
      where
        BarSym1KindInference :: SameKind (Apply (BarSym1 a_Singletons_TopLevelPatterns_0) arg) (BarSym2 a_Singletons_TopLevelPatterns_0 arg) =>
                                BarSym1 a_Singletons_TopLevelPatterns_0 a_Singletons_TopLevelPatterns_1
    type instance Apply @Bool @Foo (BarSym1 a_Singletons_TopLevelPatterns_0) a_Singletons_TopLevelPatterns_1 = Bar a_Singletons_TopLevelPatterns_0 a_Singletons_TopLevelPatterns_1
    instance SuppressUnusedWarnings (BarSym1 a_Singletons_TopLevelPatterns_0) where
      suppressUnusedWarnings
        = GHC.Internal.Data.Tuple.snd ((,) BarSym1KindInference ())
    type BarSym2 :: Bool -> Bool -> Foo
    type family BarSym2 (a_Singletons_TopLevelPatterns_0 :: Bool) (a_Singletons_TopLevelPatterns_1 :: Bool) :: Foo where
      BarSym2 a_Singletons_TopLevelPatterns_0 a_Singletons_TopLevelPatterns_1 = Bar a_Singletons_TopLevelPatterns_0 a_Singletons_TopLevelPatterns_1
    data SBool :: Bool -> Type
      where
        SFalse :: SBool (False :: Bool)
        STrue :: SBool (True :: Bool)
    type instance Sing @Bool = SBool
    instance SingKind Bool where
      type Demote Bool = Bool
      fromSing SFalse = False
      fromSing STrue = True
      toSing False = SomeSing SFalse
      toSing True = SomeSing STrue
    data SFoo :: Foo -> Type
      where
        SBar :: forall (n :: Bool) (n :: Bool).
                (Sing n) -> (Sing n) -> SFoo (Bar n n :: Foo)
    type instance Sing @Foo = SFoo
    instance SingKind Foo where
      type Demote Foo = Foo
      fromSing (SBar b b) = Bar (fromSing b) (fromSing b)
      toSing (Bar (b :: Demote Bool) (b :: Demote Bool))
        = (\cases (SomeSing c) (SomeSing c) -> SomeSing (SBar c c))
            (toSing b :: SomeSing Bool) (toSing b :: SomeSing Bool)
    instance SingI False where
      sing = SFalse
    instance SingI True where
      sing = STrue
    instance (SingI n, SingI n) =>
             SingI (Bar (n :: Bool) (n :: Bool)) where
      sing = SBar sing sing
    instance SingI n => SingI1 (Bar (n :: Bool)) where
      liftSing = SBar sing
    instance SingI2 Bar where
      liftSing2 = SBar
    instance SingI (BarSym0 :: (~>) Bool ((~>) Bool Foo)) where
      sing = singFun2 @BarSym0 SBar
    instance SingI d =>
             SingI (BarSym1 (d :: Bool) :: (~>) Bool Foo) where
      sing = singFun1 @(BarSym1 (d :: Bool)) (SBar (sing @d))
    instance SingI1 (BarSym1 :: Bool -> (~>) Bool Foo) where
      liftSing (s :: Sing (d :: Bool))
        = singFun1 @(BarSym1 (d :: Bool)) (SBar s)
Singletons/TopLevelPatterns.hs:(0,0)-(0,0): Splicing declarations
    singletons
      [d| otherwise :: Bool
          otherwise = True
          id :: a -> a
          id x = x
          not :: Bool -> Bool
          not True = False
          not False = True
          false_ = False
          f, g :: Bool -> Bool
          [f, g] = [not, id]
          h, i :: Bool -> Bool
          (h, i) = (f, g)
          j, k :: Bool
          (Bar j k) = Bar True (h False)
          l, m :: Bool
          [l, m] = [not True, id False] |]
  ======>
    otherwise :: Bool
    otherwise = True
    id :: a -> a
    id x = x
    not :: Bool -> Bool
    not True = False
    not False = True
    false_ = False
    f :: Bool -> Bool
    g :: Bool -> Bool
    [f, g] = [not, id]
    h :: Bool -> Bool
    i :: Bool -> Bool
    (h, i) = (f, g)
    j :: Bool
    k :: Bool
    Bar j k = Bar True (h False)
    l :: Bool
    m :: Bool
    [l, m] = [not True, id False]
    type family LamCases_Singletons_TopLevelPatterns_14 a_Singletons_TopLevelPatterns_15 where
      LamCases_Singletons_TopLevelPatterns_14 '[_,
                                                y_Singletons_TopLevelPatterns_13] = y_Singletons_TopLevelPatterns_13
    data LamCases_Singletons_TopLevelPatterns_14Sym0 a_Singletons_TopLevelPatterns_15
      where
        LamCases_Singletons_TopLevelPatterns_14Sym0KindInference :: SameKind (Apply LamCases_Singletons_TopLevelPatterns_14Sym0 arg) (LamCases_Singletons_TopLevelPatterns_14Sym1 arg) =>
                                                                    LamCases_Singletons_TopLevelPatterns_14Sym0 a_Singletons_TopLevelPatterns_15
    type instance Apply @_ @_ LamCases_Singletons_TopLevelPatterns_14Sym0 a_Singletons_TopLevelPatterns_15 = LamCases_Singletons_TopLevelPatterns_14 a_Singletons_TopLevelPatterns_15
    instance SuppressUnusedWarnings LamCases_Singletons_TopLevelPatterns_14Sym0 where
      suppressUnusedWarnings
        = GHC.Internal.Data.Tuple.snd
            ((,) LamCases_Singletons_TopLevelPatterns_14Sym0KindInference ())
    type family LamCases_Singletons_TopLevelPatterns_14Sym1 a_Singletons_TopLevelPatterns_15 where
      LamCases_Singletons_TopLevelPatterns_14Sym1 a_Singletons_TopLevelPatterns_15 = LamCases_Singletons_TopLevelPatterns_14 a_Singletons_TopLevelPatterns_15
    type family LamCases_Singletons_TopLevelPatterns_16 a_Singletons_TopLevelPatterns_17 where
      LamCases_Singletons_TopLevelPatterns_16 '[y_Singletons_TopLevelPatterns_12,
                                                _] = y_Singletons_TopLevelPatterns_12
    data LamCases_Singletons_TopLevelPatterns_16Sym0 a_Singletons_TopLevelPatterns_17
      where
        LamCases_Singletons_TopLevelPatterns_16Sym0KindInference :: SameKind (Apply LamCases_Singletons_TopLevelPatterns_16Sym0 arg) (LamCases_Singletons_TopLevelPatterns_16Sym1 arg) =>
                                                                    LamCases_Singletons_TopLevelPatterns_16Sym0 a_Singletons_TopLevelPatterns_17
    type instance Apply @_ @_ LamCases_Singletons_TopLevelPatterns_16Sym0 a_Singletons_TopLevelPatterns_17 = LamCases_Singletons_TopLevelPatterns_16 a_Singletons_TopLevelPatterns_17
    instance SuppressUnusedWarnings LamCases_Singletons_TopLevelPatterns_16Sym0 where
      suppressUnusedWarnings
        = GHC.Internal.Data.Tuple.snd
            ((,) LamCases_Singletons_TopLevelPatterns_16Sym0KindInference ())
    type family LamCases_Singletons_TopLevelPatterns_16Sym1 a_Singletons_TopLevelPatterns_17 where
      LamCases_Singletons_TopLevelPatterns_16Sym1 a_Singletons_TopLevelPatterns_17 = LamCases_Singletons_TopLevelPatterns_16 a_Singletons_TopLevelPatterns_17
    type family LamCases_Singletons_TopLevelPatterns_18 a_Singletons_TopLevelPatterns_19 where
      LamCases_Singletons_TopLevelPatterns_18 ('Bar _ y_Singletons_TopLevelPatterns_10) = y_Singletons_TopLevelPatterns_10
    data LamCases_Singletons_TopLevelPatterns_18Sym0 a_Singletons_TopLevelPatterns_19
      where
        LamCases_Singletons_TopLevelPatterns_18Sym0KindInference :: SameKind (Apply LamCases_Singletons_TopLevelPatterns_18Sym0 arg) (LamCases_Singletons_TopLevelPatterns_18Sym1 arg) =>
                                                                    LamCases_Singletons_TopLevelPatterns_18Sym0 a_Singletons_TopLevelPatterns_19
    type instance Apply @_ @_ LamCases_Singletons_TopLevelPatterns_18Sym0 a_Singletons_TopLevelPatterns_19 = LamCases_Singletons_TopLevelPatterns_18 a_Singletons_TopLevelPatterns_19
    instance SuppressUnusedWarnings LamCases_Singletons_TopLevelPatterns_18Sym0 where
      suppressUnusedWarnings
        = GHC.Internal.Data.Tuple.snd
            ((,) LamCases_Singletons_TopLevelPatterns_18Sym0KindInference ())
    type family LamCases_Singletons_TopLevelPatterns_18Sym1 a_Singletons_TopLevelPatterns_19 where
      LamCases_Singletons_TopLevelPatterns_18Sym1 a_Singletons_TopLevelPatterns_19 = LamCases_Singletons_TopLevelPatterns_18 a_Singletons_TopLevelPatterns_19
    type family LamCases_Singletons_TopLevelPatterns_20 a_Singletons_TopLevelPatterns_21 where
      LamCases_Singletons_TopLevelPatterns_20 ('Bar y_Singletons_TopLevelPatterns_9 _) = y_Singletons_TopLevelPatterns_9
    data LamCases_Singletons_TopLevelPatterns_20Sym0 a_Singletons_TopLevelPatterns_21
      where
        LamCases_Singletons_TopLevelPatterns_20Sym0KindInference :: SameKind (Apply LamCases_Singletons_TopLevelPatterns_20Sym0 arg) (LamCases_Singletons_TopLevelPatterns_20Sym1 arg) =>
                                                                    LamCases_Singletons_TopLevelPatterns_20Sym0 a_Singletons_TopLevelPatterns_21
    type instance Apply @_ @_ LamCases_Singletons_TopLevelPatterns_20Sym0 a_Singletons_TopLevelPatterns_21 = LamCases_Singletons_TopLevelPatterns_20 a_Singletons_TopLevelPatterns_21
    instance SuppressUnusedWarnings LamCases_Singletons_TopLevelPatterns_20Sym0 where
      suppressUnusedWarnings
        = GHC.Internal.Data.Tuple.snd
            ((,) LamCases_Singletons_TopLevelPatterns_20Sym0KindInference ())
    type family LamCases_Singletons_TopLevelPatterns_20Sym1 a_Singletons_TopLevelPatterns_21 where
      LamCases_Singletons_TopLevelPatterns_20Sym1 a_Singletons_TopLevelPatterns_21 = LamCases_Singletons_TopLevelPatterns_20 a_Singletons_TopLevelPatterns_21
    type family LamCases_Singletons_TopLevelPatterns_24 (a_Singletons_TopLevelPatterns_220 :: Bool) a_Singletons_TopLevelPatterns_25 where
      LamCases_Singletons_TopLevelPatterns_24 a_Singletons_TopLevelPatterns_22 '(_,
                                                                                 y_Singletons_TopLevelPatterns_7) = y_Singletons_TopLevelPatterns_7
    data LamCases_Singletons_TopLevelPatterns_24Sym0 (a_Singletons_TopLevelPatterns_220 :: Bool) a_Singletons_TopLevelPatterns_25
      where
        LamCases_Singletons_TopLevelPatterns_24Sym0KindInference :: SameKind (Apply (LamCases_Singletons_TopLevelPatterns_24Sym0 a_Singletons_TopLevelPatterns_220) arg) (LamCases_Singletons_TopLevelPatterns_24Sym1 a_Singletons_TopLevelPatterns_220 arg) =>
                                                                    LamCases_Singletons_TopLevelPatterns_24Sym0 a_Singletons_TopLevelPatterns_220 a_Singletons_TopLevelPatterns_25
    type instance Apply @_ @_ (LamCases_Singletons_TopLevelPatterns_24Sym0 a_Singletons_TopLevelPatterns_220) a_Singletons_TopLevelPatterns_25 = LamCases_Singletons_TopLevelPatterns_24 a_Singletons_TopLevelPatterns_220 a_Singletons_TopLevelPatterns_25
    instance SuppressUnusedWarnings (LamCases_Singletons_TopLevelPatterns_24Sym0 a_Singletons_TopLevelPatterns_220) where
      suppressUnusedWarnings
        = GHC.Internal.Data.Tuple.snd
            ((,) LamCases_Singletons_TopLevelPatterns_24Sym0KindInference ())
    type family LamCases_Singletons_TopLevelPatterns_24Sym1 (a_Singletons_TopLevelPatterns_220 :: Bool) a_Singletons_TopLevelPatterns_25 where
      LamCases_Singletons_TopLevelPatterns_24Sym1 a_Singletons_TopLevelPatterns_220 a_Singletons_TopLevelPatterns_25 = LamCases_Singletons_TopLevelPatterns_24 a_Singletons_TopLevelPatterns_220 a_Singletons_TopLevelPatterns_25
    type family LamCases_Singletons_TopLevelPatterns_28 (a_Singletons_TopLevelPatterns_260 :: Bool) a_Singletons_TopLevelPatterns_29 where
      LamCases_Singletons_TopLevelPatterns_28 a_Singletons_TopLevelPatterns_26 '(y_Singletons_TopLevelPatterns_6,
                                                                                 _) = y_Singletons_TopLevelPatterns_6
    data LamCases_Singletons_TopLevelPatterns_28Sym0 (a_Singletons_TopLevelPatterns_260 :: Bool) a_Singletons_TopLevelPatterns_29
      where
        LamCases_Singletons_TopLevelPatterns_28Sym0KindInference :: SameKind (Apply (LamCases_Singletons_TopLevelPatterns_28Sym0 a_Singletons_TopLevelPatterns_260) arg) (LamCases_Singletons_TopLevelPatterns_28Sym1 a_Singletons_TopLevelPatterns_260 arg) =>
                                                                    LamCases_Singletons_TopLevelPatterns_28Sym0 a_Singletons_TopLevelPatterns_260 a_Singletons_TopLevelPatterns_29
    type instance Apply @_ @_ (LamCases_Singletons_TopLevelPatterns_28Sym0 a_Singletons_TopLevelPatterns_260) a_Singletons_TopLevelPatterns_29 = LamCases_Singletons_TopLevelPatterns_28 a_Singletons_TopLevelPatterns_260 a_Singletons_TopLevelPatterns_29
    instance SuppressUnusedWarnings (LamCases_Singletons_TopLevelPatterns_28Sym0 a_Singletons_TopLevelPatterns_260) where
      suppressUnusedWarnings
        = GHC.Internal.Data.Tuple.snd
            ((,) LamCases_Singletons_TopLevelPatterns_28Sym0KindInference ())
    type family LamCases_Singletons_TopLevelPatterns_28Sym1 (a_Singletons_TopLevelPatterns_260 :: Bool) a_Singletons_TopLevelPatterns_29 where
      LamCases_Singletons_TopLevelPatterns_28Sym1 a_Singletons_TopLevelPatterns_260 a_Singletons_TopLevelPatterns_29 = LamCases_Singletons_TopLevelPatterns_28 a_Singletons_TopLevelPatterns_260 a_Singletons_TopLevelPatterns_29
    type family LamCases_Singletons_TopLevelPatterns_32 (a_Singletons_TopLevelPatterns_300 :: Bool) a_Singletons_TopLevelPatterns_33 where
      LamCases_Singletons_TopLevelPatterns_32 a_Singletons_TopLevelPatterns_30 '[_,
                                                                                 y_Singletons_TopLevelPatterns_4] = y_Singletons_TopLevelPatterns_4
    data LamCases_Singletons_TopLevelPatterns_32Sym0 (a_Singletons_TopLevelPatterns_300 :: Bool) a_Singletons_TopLevelPatterns_33
      where
        LamCases_Singletons_TopLevelPatterns_32Sym0KindInference :: SameKind (Apply (LamCases_Singletons_TopLevelPatterns_32Sym0 a_Singletons_TopLevelPatterns_300) arg) (LamCases_Singletons_TopLevelPatterns_32Sym1 a_Singletons_TopLevelPatterns_300 arg) =>
                                                                    LamCases_Singletons_TopLevelPatterns_32Sym0 a_Singletons_TopLevelPatterns_300 a_Singletons_TopLevelPatterns_33
    type instance Apply @_ @_ (LamCases_Singletons_TopLevelPatterns_32Sym0 a_Singletons_TopLevelPatterns_300) a_Singletons_TopLevelPatterns_33 = LamCases_Singletons_TopLevelPatterns_32 a_Singletons_TopLevelPatterns_300 a_Singletons_TopLevelPatterns_33
    instance SuppressUnusedWarnings (LamCases_Singletons_TopLevelPatterns_32Sym0 a_Singletons_TopLevelPatterns_300) where
      suppressUnusedWarnings
        = GHC.Internal.Data.Tuple.snd
            ((,) LamCases_Singletons_TopLevelPatterns_32Sym0KindInference ())
    type family LamCases_Singletons_TopLevelPatterns_32Sym1 (a_Singletons_TopLevelPatterns_300 :: Bool) a_Singletons_TopLevelPatterns_33 where
      LamCases_Singletons_TopLevelPatterns_32Sym1 a_Singletons_TopLevelPatterns_300 a_Singletons_TopLevelPatterns_33 = LamCases_Singletons_TopLevelPatterns_32 a_Singletons_TopLevelPatterns_300 a_Singletons_TopLevelPatterns_33
    type family LamCases_Singletons_TopLevelPatterns_36 (a_Singletons_TopLevelPatterns_340 :: Bool) a_Singletons_TopLevelPatterns_37 where
      LamCases_Singletons_TopLevelPatterns_36 a_Singletons_TopLevelPatterns_34 '[y_Singletons_TopLevelPatterns_3,
                                                                                 _] = y_Singletons_TopLevelPatterns_3
    data LamCases_Singletons_TopLevelPatterns_36Sym0 (a_Singletons_TopLevelPatterns_340 :: Bool) a_Singletons_TopLevelPatterns_37
      where
        LamCases_Singletons_TopLevelPatterns_36Sym0KindInference :: SameKind (Apply (LamCases_Singletons_TopLevelPatterns_36Sym0 a_Singletons_TopLevelPatterns_340) arg) (LamCases_Singletons_TopLevelPatterns_36Sym1 a_Singletons_TopLevelPatterns_340 arg) =>
                                                                    LamCases_Singletons_TopLevelPatterns_36Sym0 a_Singletons_TopLevelPatterns_340 a_Singletons_TopLevelPatterns_37
    type instance Apply @_ @_ (LamCases_Singletons_TopLevelPatterns_36Sym0 a_Singletons_TopLevelPatterns_340) a_Singletons_TopLevelPatterns_37 = LamCases_Singletons_TopLevelPatterns_36 a_Singletons_TopLevelPatterns_340 a_Singletons_TopLevelPatterns_37
    instance SuppressUnusedWarnings (LamCases_Singletons_TopLevelPatterns_36Sym0 a_Singletons_TopLevelPatterns_340) where
      suppressUnusedWarnings
        = GHC.Internal.Data.Tuple.snd
            ((,) LamCases_Singletons_TopLevelPatterns_36Sym0KindInference ())
    type family LamCases_Singletons_TopLevelPatterns_36Sym1 (a_Singletons_TopLevelPatterns_340 :: Bool) a_Singletons_TopLevelPatterns_37 where
      LamCases_Singletons_TopLevelPatterns_36Sym1 a_Singletons_TopLevelPatterns_340 a_Singletons_TopLevelPatterns_37 = LamCases_Singletons_TopLevelPatterns_36 a_Singletons_TopLevelPatterns_340 a_Singletons_TopLevelPatterns_37
    type MSym0 :: Bool
    type family MSym0 :: Bool where
      MSym0 = M
    type LSym0 :: Bool
    type family LSym0 :: Bool where
      LSym0 = L
    type family X_Singletons_TopLevelPatterns_11Sym0 where
      X_Singletons_TopLevelPatterns_11Sym0 = X_Singletons_TopLevelPatterns_11
    type KSym0 :: Bool
    type family KSym0 :: Bool where
      KSym0 = K
    type JSym0 :: Bool
    type family JSym0 :: Bool where
      JSym0 = J
    type family X_Singletons_TopLevelPatterns_8Sym0 where
      X_Singletons_TopLevelPatterns_8Sym0 = X_Singletons_TopLevelPatterns_8
    type ISym0 :: (~>) Bool Bool
    data ISym0 :: (~>) Bool Bool
      where
        ISym0KindInference :: SameKind (Apply ISym0 arg) (ISym1 arg) =>
                              ISym0 a_Singletons_TopLevelPatterns_23
    type instance Apply @Bool @Bool ISym0 a_Singletons_TopLevelPatterns_23 = I a_Singletons_TopLevelPatterns_23
    instance SuppressUnusedWarnings ISym0 where
      suppressUnusedWarnings
        = GHC.Internal.Data.Tuple.snd ((,) ISym0KindInference ())
    type ISym1 :: Bool -> Bool
    type family ISym1 (a_Singletons_TopLevelPatterns_23 :: Bool) :: Bool where
      ISym1 a_Singletons_TopLevelPatterns_23 = I a_Singletons_TopLevelPatterns_23
    type HSym0 :: (~>) Bool Bool
    data HSym0 :: (~>) Bool Bool
      where
        HSym0KindInference :: SameKind (Apply HSym0 arg) (HSym1 arg) =>
                              HSym0 a_Singletons_TopLevelPatterns_27
    type instance Apply @Bool @Bool HSym0 a_Singletons_TopLevelPatterns_27 = H a_Singletons_TopLevelPatterns_27
    instance SuppressUnusedWarnings HSym0 where
      suppressUnusedWarnings
        = GHC.Internal.Data.Tuple.snd ((,) HSym0KindInference ())
    type HSym1 :: Bool -> Bool
    type family HSym1 (a_Singletons_TopLevelPatterns_27 :: Bool) :: Bool where
      HSym1 a_Singletons_TopLevelPatterns_27 = H a_Singletons_TopLevelPatterns_27
    type family X_Singletons_TopLevelPatterns_5Sym0 where
      X_Singletons_TopLevelPatterns_5Sym0 = X_Singletons_TopLevelPatterns_5
    type GSym0 :: (~>) Bool Bool
    data GSym0 :: (~>) Bool Bool
      where
        GSym0KindInference :: SameKind (Apply GSym0 arg) (GSym1 arg) =>
                              GSym0 a_Singletons_TopLevelPatterns_31
    type instance Apply @Bool @Bool GSym0 a_Singletons_TopLevelPatterns_31 = G a_Singletons_TopLevelPatterns_31
    instance SuppressUnusedWarnings GSym0 where
      suppressUnusedWarnings
        = GHC.Internal.Data.Tuple.snd ((,) GSym0KindInference ())
    type GSym1 :: Bool -> Bool
    type family GSym1 (a_Singletons_TopLevelPatterns_31 :: Bool) :: Bool where
      GSym1 a_Singletons_TopLevelPatterns_31 = G a_Singletons_TopLevelPatterns_31
    type FSym0 :: (~>) Bool Bool
    data FSym0 :: (~>) Bool Bool
      where
        FSym0KindInference :: SameKind (Apply FSym0 arg) (FSym1 arg) =>
                              FSym0 a_Singletons_TopLevelPatterns_35
    type instance Apply @Bool @Bool FSym0 a_Singletons_TopLevelPatterns_35 = F a_Singletons_TopLevelPatterns_35
    instance SuppressUnusedWarnings FSym0 where
      suppressUnusedWarnings
        = GHC.Internal.Data.Tuple.snd ((,) FSym0KindInference ())
    type FSym1 :: Bool -> Bool
    type family FSym1 (a_Singletons_TopLevelPatterns_35 :: Bool) :: Bool where
      FSym1 a_Singletons_TopLevelPatterns_35 = F a_Singletons_TopLevelPatterns_35
    type family X_Singletons_TopLevelPatterns_2Sym0 where
      X_Singletons_TopLevelPatterns_2Sym0 = X_Singletons_TopLevelPatterns_2
    type family False_Sym0 where
      False_Sym0 = False_
    type NotSym0 :: (~>) Bool Bool
    data NotSym0 :: (~>) Bool Bool
      where
        NotSym0KindInference :: SameKind (Apply NotSym0 arg) (NotSym1 arg) =>
                                NotSym0 a_Singletons_TopLevelPatterns_38
    type instance Apply @Bool @Bool NotSym0 a_Singletons_TopLevelPatterns_38 = Not a_Singletons_TopLevelPatterns_38
    instance SuppressUnusedWarnings NotSym0 where
      suppressUnusedWarnings
        = GHC.Internal.Data.Tuple.snd ((,) NotSym0KindInference ())
    type NotSym1 :: Bool -> Bool
    type family NotSym1 (a_Singletons_TopLevelPatterns_38 :: Bool) :: Bool where
      NotSym1 a_Singletons_TopLevelPatterns_38 = Not a_Singletons_TopLevelPatterns_38
    type IdSym0 :: (~>) a a
    data IdSym0 :: (~>) a a
      where
        IdSym0KindInference :: SameKind (Apply IdSym0 arg) (IdSym1 arg) =>
                               IdSym0 a_Singletons_TopLevelPatterns_39
    type instance Apply @a @a IdSym0 a_Singletons_TopLevelPatterns_39 = Id a_Singletons_TopLevelPatterns_39
    instance SuppressUnusedWarnings IdSym0 where
      suppressUnusedWarnings
        = GHC.Internal.Data.Tuple.snd ((,) IdSym0KindInference ())
    type IdSym1 :: a -> a
    type family IdSym1 @a (a_Singletons_TopLevelPatterns_39 :: a) :: a where
      IdSym1 a_Singletons_TopLevelPatterns_39 = Id a_Singletons_TopLevelPatterns_39
    type OtherwiseSym0 :: Bool
    type family OtherwiseSym0 :: Bool where
      OtherwiseSym0 = Otherwise
    type M :: Bool
    type family M :: Bool where
      M = Apply LamCases_Singletons_TopLevelPatterns_14Sym0 X_Singletons_TopLevelPatterns_11Sym0
    type L :: Bool
    type family L :: Bool where
      L = Apply LamCases_Singletons_TopLevelPatterns_16Sym0 X_Singletons_TopLevelPatterns_11Sym0
    type family X_Singletons_TopLevelPatterns_11 where
      X_Singletons_TopLevelPatterns_11 = Apply (Apply (:@#@$) (Apply NotSym0 TrueSym0)) (Apply (Apply (:@#@$) (Apply IdSym0 FalseSym0)) NilSym0)
    type K :: Bool
    type family K :: Bool where
      K = Apply LamCases_Singletons_TopLevelPatterns_18Sym0 X_Singletons_TopLevelPatterns_8Sym0
    type J :: Bool
    type family J :: Bool where
      J = Apply LamCases_Singletons_TopLevelPatterns_20Sym0 X_Singletons_TopLevelPatterns_8Sym0
    type family X_Singletons_TopLevelPatterns_8 where
      X_Singletons_TopLevelPatterns_8 = Apply (Apply BarSym0 TrueSym0) (Apply HSym0 FalseSym0)
    type I :: Bool -> Bool
    type family I (a :: Bool) :: Bool where
      I a_Singletons_TopLevelPatterns_22 = Apply (Apply (LamCases_Singletons_TopLevelPatterns_24Sym0 a_Singletons_TopLevelPatterns_22) X_Singletons_TopLevelPatterns_5Sym0) a_Singletons_TopLevelPatterns_22
    type H :: Bool -> Bool
    type family H (a :: Bool) :: Bool where
      H a_Singletons_TopLevelPatterns_26 = Apply (Apply (LamCases_Singletons_TopLevelPatterns_28Sym0 a_Singletons_TopLevelPatterns_26) X_Singletons_TopLevelPatterns_5Sym0) a_Singletons_TopLevelPatterns_26
    type family X_Singletons_TopLevelPatterns_5 where
      X_Singletons_TopLevelPatterns_5 = Apply (Apply Tuple2Sym0 FSym0) GSym0
    type G :: Bool -> Bool
    type family G (a :: Bool) :: Bool where
      G a_Singletons_TopLevelPatterns_30 = Apply (Apply (LamCases_Singletons_TopLevelPatterns_32Sym0 a_Singletons_TopLevelPatterns_30) X_Singletons_TopLevelPatterns_2Sym0) a_Singletons_TopLevelPatterns_30
    type F :: Bool -> Bool
    type family F (a :: Bool) :: Bool where
      F a_Singletons_TopLevelPatterns_34 = Apply (Apply (LamCases_Singletons_TopLevelPatterns_36Sym0 a_Singletons_TopLevelPatterns_34) X_Singletons_TopLevelPatterns_2Sym0) a_Singletons_TopLevelPatterns_34
    type family X_Singletons_TopLevelPatterns_2 where
      X_Singletons_TopLevelPatterns_2 = Apply (Apply (:@#@$) NotSym0) (Apply (Apply (:@#@$) IdSym0) NilSym0)
    type family False_ where
      False_ = FalseSym0
    type Not :: Bool -> Bool
    type family Not (a :: Bool) :: Bool where
      Not 'True = FalseSym0
      Not 'False = TrueSym0
    type Id :: a -> a
    type family Id @a (a :: a) :: a where
      Id x = x
    type Otherwise :: Bool
    type family Otherwise :: Bool where
      Otherwise = TrueSym0
    sM :: (Sing (M :: Bool) :: Type)
    sL :: (Sing (L :: Bool) :: Type)
    sX_Singletons_TopLevelPatterns_11 ::
      Sing @_ X_Singletons_TopLevelPatterns_11
    sK :: (Sing (K :: Bool) :: Type)
    sJ :: (Sing (J :: Bool) :: Type)
    sX_Singletons_TopLevelPatterns_8 ::
      Sing @_ X_Singletons_TopLevelPatterns_8
    sI :: (forall (t :: Bool). Sing t -> Sing (I t :: Bool) :: Type)
    sH :: (forall (t :: Bool). Sing t -> Sing (H t :: Bool) :: Type)
    sX_Singletons_TopLevelPatterns_5 ::
      Sing @_ X_Singletons_TopLevelPatterns_5
    sG :: (forall (t :: Bool). Sing t -> Sing (G t :: Bool) :: Type)
    sF :: (forall (t :: Bool). Sing t -> Sing (F t :: Bool) :: Type)
    sX_Singletons_TopLevelPatterns_2 ::
      Sing @_ X_Singletons_TopLevelPatterns_2
    sFalse_ :: Sing @_ False_
    sNot ::
      (forall (t :: Bool). Sing t -> Sing (Not t :: Bool) :: Type)
    sId :: (forall (t :: a). Sing t -> Sing (Id t :: a) :: Type)
    sOtherwise :: (Sing (Otherwise :: Bool) :: Type)
    sM
      = applySing
          (singFun1
             @LamCases_Singletons_TopLevelPatterns_14Sym0
             (\cases
                (SCons _
                       (SCons (sY_Singletons_TopLevelPatterns_13 :: Sing y_Singletons_TopLevelPatterns_13)
                              SNil))
                  -> sY_Singletons_TopLevelPatterns_13))
          sX_Singletons_TopLevelPatterns_11
    sL
      = applySing
          (singFun1
             @LamCases_Singletons_TopLevelPatterns_16Sym0
             (\cases
                (SCons (sY_Singletons_TopLevelPatterns_12 :: Sing y_Singletons_TopLevelPatterns_12)
                       (SCons _ SNil))
                  -> sY_Singletons_TopLevelPatterns_12))
          sX_Singletons_TopLevelPatterns_11
    sX_Singletons_TopLevelPatterns_11
      = applySing
          (applySing
             (singFun2 @(:@#@$) SCons)
             (applySing (singFun1 @NotSym0 sNot) STrue))
          (applySing
             (applySing
                (singFun2 @(:@#@$) SCons)
                (applySing (singFun1 @IdSym0 sId) SFalse))
             SNil)
    sK
      = applySing
          (singFun1
             @LamCases_Singletons_TopLevelPatterns_18Sym0
             (\cases
                (SBar _
                      (sY_Singletons_TopLevelPatterns_10 :: Sing y_Singletons_TopLevelPatterns_10))
                  -> sY_Singletons_TopLevelPatterns_10))
          sX_Singletons_TopLevelPatterns_8
    sJ
      = applySing
          (singFun1
             @LamCases_Singletons_TopLevelPatterns_20Sym0
             (\cases
                (SBar (sY_Singletons_TopLevelPatterns_9 :: Sing y_Singletons_TopLevelPatterns_9)
                      _)
                  -> sY_Singletons_TopLevelPatterns_9))
          sX_Singletons_TopLevelPatterns_8
    sX_Singletons_TopLevelPatterns_8
      = applySing
          (applySing (singFun2 @BarSym0 SBar) STrue)
          (applySing (singFun1 @HSym0 sH) SFalse)
    sI
      (sA_Singletons_TopLevelPatterns_22 :: Sing a_Singletons_TopLevelPatterns_22)
      = applySing
          (applySing
             (singFun1
                @(LamCases_Singletons_TopLevelPatterns_24Sym0 a_Singletons_TopLevelPatterns_22)
                (\cases
                   (STuple2 _
                            (sY_Singletons_TopLevelPatterns_7 :: Sing y_Singletons_TopLevelPatterns_7))
                     -> sY_Singletons_TopLevelPatterns_7))
             sX_Singletons_TopLevelPatterns_5)
          sA_Singletons_TopLevelPatterns_22
    sH
      (sA_Singletons_TopLevelPatterns_26 :: Sing a_Singletons_TopLevelPatterns_26)
      = applySing
          (applySing
             (singFun1
                @(LamCases_Singletons_TopLevelPatterns_28Sym0 a_Singletons_TopLevelPatterns_26)
                (\cases
                   (STuple2 (sY_Singletons_TopLevelPatterns_6 :: Sing y_Singletons_TopLevelPatterns_6)
                            _)
                     -> sY_Singletons_TopLevelPatterns_6))
             sX_Singletons_TopLevelPatterns_5)
          sA_Singletons_TopLevelPatterns_26
    sX_Singletons_TopLevelPatterns_5
      = applySing
          (applySing (singFun2 @Tuple2Sym0 STuple2) (singFun1 @FSym0 sF))
          (singFun1 @GSym0 sG)
    sG
      (sA_Singletons_TopLevelPatterns_30 :: Sing a_Singletons_TopLevelPatterns_30)
      = applySing
          (applySing
             (singFun1
                @(LamCases_Singletons_TopLevelPatterns_32Sym0 a_Singletons_TopLevelPatterns_30)
                (\cases
                   (SCons _
                          (SCons (sY_Singletons_TopLevelPatterns_4 :: Sing y_Singletons_TopLevelPatterns_4)
                                 SNil))
                     -> sY_Singletons_TopLevelPatterns_4))
             sX_Singletons_TopLevelPatterns_2)
          sA_Singletons_TopLevelPatterns_30
    sF
      (sA_Singletons_TopLevelPatterns_34 :: Sing a_Singletons_TopLevelPatterns_34)
      = applySing
          (applySing
             (singFun1
                @(LamCases_Singletons_TopLevelPatterns_36Sym0 a_Singletons_TopLevelPatterns_34)
                (\cases
                   (SCons (sY_Singletons_TopLevelPatterns_3 :: Sing y_Singletons_TopLevelPatterns_3)
                          (SCons _ SNil))
                     -> sY_Singletons_TopLevelPatterns_3))
             sX_Singletons_TopLevelPatterns_2)
          sA_Singletons_TopLevelPatterns_34
    sX_Singletons_TopLevelPatterns_2
      = applySing
          (applySing (singFun2 @(:@#@$) SCons) (singFun1 @NotSym0 sNot))
          (applySing
             (applySing (singFun2 @(:@#@$) SCons) (singFun1 @IdSym0 sId)) SNil)
    sFalse_ = SFalse
    sNot STrue = SFalse
    sNot SFalse = STrue
    sId (sX :: Sing x) = sX
    sOtherwise = STrue
    instance SingI (ISym0 :: (~>) Bool Bool) where
      sing = singFun1 @ISym0 sI
    instance SingI (HSym0 :: (~>) Bool Bool) where
      sing = singFun1 @HSym0 sH
    instance SingI (GSym0 :: (~>) Bool Bool) where
      sing = singFun1 @GSym0 sG
    instance SingI (FSym0 :: (~>) Bool Bool) where
      sing = singFun1 @FSym0 sF
    instance SingI (NotSym0 :: (~>) Bool Bool) where
      sing = singFun1 @NotSym0 sNot
    instance SingI (IdSym0 :: (~>) a a) where
      sing = singFun1 @IdSym0 sId
